[www.elanlimited.com/elan-emperor/index.html]
[backblue.gif]
[fade.gif]
[index.html]
[www.elanlimited.com/assets/img/favicon.png]
[unpkg.com/aos@2.3.1/dist/aos.css]
[cdnjs.cloudflare.com/ajax/libs/animate.css/4.1.1/animate.min.css]
[www.elanlimited.com/assets/images/logo.png]
[www.elanlimited.com/assets/images/elan-a-logo.png]
[www.elanlimited.com/elan-emperor/images/icon/residences.png]
[www.elanlimited.com/elan-emperor/images/icon/club.png]
[www.elanlimited.com/elan-emperor/images/icon/amenities.png]
[www.elanlimited.com/elan-emperor/images/icon/arrival.png]
[www.elanlimited.com/elan-emperor/images/icon/nature.png]
[www.elanlimited.com/elan-emperor/images/icon/recreational.png]
[www.elanlimited.com/elan-emperor/images/hexagon.png]
[www.elanlimited.com/elan-emperor/images/consultants/SWA.png]
[www.elanlimited.com/elan-emperor/images/consultants/WET.png]
[www.elanlimited.com/elan-emperor/images/consultants/CD+M.png]
[www.elanlimited.com/elan-emperor/images/consultants/HBA.png]
[www.elanlimited.com/elan-emperor/images/consultants/LEIGHTON.png]
[www.elanlimited.com/elan-emperor/images/consultants/UHA.png]
[www.elanlimited.com/elan-emperor/images/consultants/MERO.png]
[www.elanlimited.com/elan-emperor/images/consultants/TT.png]
[www.elanlimited.com/elan-emperor/images/consultants/DSA.png]
[www.elanlimited.com/assets/images/social-icons/fb.png]
[www.elanlimited.com/assets/images/social-icons/insta.png]
[www.elanlimited.com/assets/images/social-icons/linkedin.png]
[www.elanlimited.com/assets/images/social-icons/x.png]
[www.elanlimited.com/assets/images/social-icons/youtube.png]
[www.elanlimited.com/assets/images/elan-footer-logo.png]
[code.jquery.com/jquery-3.6.0.min.js]
[unpkg.com/aos@2.3.1/dist/aos.js]
[www.elanlimited.com/elan-emperor/js/bootstrap.min.js]
[www.elanlimited.com/elan-emperor/js/swiper-bundle.min.js]
[www.elanlimited.com/elan-emperor/js/extranal.js]
[www.elanlimited.com/elan-emperor/index.html]
[unpkg.com/aos@2.3.1/dist/aos.css]
[www.elanlimited.com/elan-emperor/assets/css/fontawesome.min.html]
[cdnjs.cloudflare.com/ajax/libs/animate.css/4.1.1/animate.min.css]
[www.elanlimited.com/elan-emperor/css/font-awesome.css]
[www.elanlimited.com/assets/css/fontawesome.min.css]
[www.elanlimited.com/elan-emperor/css/bootstrap.min.css]
[www.elanlimited.com/elan-emperor/css/swiper-bundle.min.css]
[www.elanlimited.com/elan-emperor/fonts/rivieranights-regular-webfont.woff2]
[www.elanlimited.com/elan-emperor/fonts/rivieranights-regular-webfont.woff]
[www.elanlimited.com/elan-emperor/images/lines.jpg]
[dbvnjwonpkz4b.cloudfront.net/Images/bg_middle.png]
[dbvnjwonpkz4b.cloudfront.net/Images/bg_bottom.png]
[www.elanlimited.com/elan-emperor/images/elan-emperor-tower.png]
[www.elanlimited.com/elan-emperor/images/accordion-minus.png]
[www.elanlimited.com/elan-emperor/images/accordion-plus.png]
[www.elanlimited.com/elan-emperor/css/style.css]
[www.googletagmanager.com/gtm5445.html]
[www.elanlimited.com/elan-emperor/fonts/fontawesome-webfont3e6e.html]
[www.elanlimited.com/elan-emperor/fonts/fontawesome-webfontd41d.html]
[www.elanlimited.com/elan-emperor/fonts/fontawesome-webfont3e6e-2.html]
[www.elanlimited.com/elan-emperor/fonts/fontawesome-webfont3e6e-3.html]
[www.elanlimited.com/elan-emperor/fonts/fontawesome-webfont3e6e-4.html]
[www.elanlimited.com/elan-emperor/fonts/fontawesome-webfont3e6e-5.html]
[www.elanlimited.com/elan-emperor/fonts/baskerville-bt-roman-webfont.html]
[www.elanlimited.com/elan-emperor/fonts/baskerville-bt-roman-webfont-2.html]
